  fee        0.100000 GEN (estimated)
  tx         0xf28988dce669585469a5aefab7430c9aa91250f9d5449635afaeb4624161844a
lane 0: 0x457bE4729841EEE64E186e91c3471C170C931e47
  fee        0.100000 GEN (estimated)
  tx         0xef2e7a9f565bcbe91beea7d91ac84a3be571329bcdc91ab213cb3d20ae4bb392
lane 1: 0x2fC4A549C682F29E4FFb08D80125E11EF182bD1e
  fee        0.100000 GEN (estimated)
  tx         0x7191bf993ee3984b8f50a5729b169b3c06e3899848cb9167998ced43fb62190d
lane 2: 0x4f64442A81a8EeF83F74C2FA0e20e34DFd89CA4A
  fee        0.100000 GEN (estimated)
  tx         0x55ff342186ac2dacc48f9a645bf1053f4fa983a63eff15978d62a9efb59c5c8b
lane 3: 0x20F728ce0803D6B32ca1F3915f8Fb977A90a7D7C
  fee        0.100000 GEN (estimated)
  tx         0xeeb5577c209fcc1b3add46adb4f4bfc41924d450a4d7bfbcf70f9a64e8e188c2
lane 4: 0x3A9B25c58F4f60041937520cBbFea888e494E843
GenLayer RPC error (eth_sendRawTransaction): NonceTooLow(expected=6,actual=5)
hacks_multichain         UNSETTLED    9s  len=- status=- hash=- 
hacks_euler              ACCEPTED     18s  len=350622 status=200 hash=- 
GenLayer RPC error (sim_estimateTransactionFees): Unexpected token '<', "<!DOCTYPE "... is not valid JSON
  … http_probe fee attempt 1 hit transient RPC noise, waiting 2s
GenLayer RPC error (sim_estimateTransactionFees): Unexpected token '<', "<!DOCTYPE "... is not valid JSON
  … http_probe fee attempt 1 hit transient RPC noise, waiting 2s
GenLayer RPC error (sim_estimateTransactionFees): Server busy: all 8 execution slots occupied, retry later
  … write fee simulation failed for http_probe (Version of JSON-RPC protocol is not supported.

Details: Server busy: all 8 execution slots occupied)
GenLayer RPC error (eth_sendRawTransaction): NonceTooLow(expected=9,actual=8)
GenLayer RPC error (gen_call): Server busy: all 8 execution slots occupied, retry later
hacks_tornado            UNSETTLED    69s  len=- status=- hash=- 
GenLayer RPC error (sim_estimateTransactionFees): Server busy: all 8 execution slots occupied, retry later
  … write fee simulation failed for render_probe (Version of JSON-RPC protocol is not supported.

Details: Server busy: all 8 execution slots occupied)
GenLayer RPC error (sim_estimateTransactionFees): Unexpected token '<', "<!DOCTYPE "... is not valid JSON
  … http_probe fee attempt 1 hit transient RPC noise, waiting 2s
hacks_curve              ACCEPTED     73s  len=350622 status=200 hash=- 
GenLayer RPC error (sim_estimateTransactionFees): Server busy: all 8 execution slots occupied, retry later
  … write fee simulation failed for http_probe (Version of JSON-RPC protocol is not supported.

Details: Server busy: all 8 execution slots occupied)
GenLayer RPC error (sim_estimateTransactionFees): Server busy: all 8 execution slots occupied, retry later
  … write fee simulation failed for http_probe (Version of JSON-RPC protocol is not supported.

Details: Server busy: all 8 execution slots occupied)
GenLayer RPC error (eth_sendRawTransaction): NonceTooLow(expected=11,actual=10)
GenLayer RPC error (gen_call): Unexpected token '<', "<!DOCTYPE "... is not valid JSON
  … get attempt 1 hit transient RPC noise, waiting 4s
tvl_multichain           UNSETTLED    5s  len=- status=- hash=- 
GenLayer RPC error (gen_call): Unexpected token '<', "<!DOCTYPE "... is not valid JSON
  … get attempt 1 hit transient RPC noise, waiting 4s
tvl_curve                ACCEPTED     82s  len=68978497 status=200 hash=- 
GenLayer RPC error (gen_call): Server busy: all 8 execution slots occupied, retry later
rekt_euler_render        ACCEPTED     26s  len=- status=- hash=- 
tvl_tornado              ACCEPTED     11s  len=2927034 status=200 hash=- 
GenLayer RPC error (sim_estimateTransactionFees): Server busy: all 8 execution slots occupied, retry later
  … write fee simulation failed for render_probe (Version of JSON-RPC protocol is not supported.

Details: Server busy: all 8 execution slots occupied)
GenLayer RPC error (gen_call): Server busy: all 8 execution slots occupied, retry later
rekt_euler_get           ACCEPTED     10s  len=- status=- hash=- 
GenLayer RPC error (gen_call): Server busy: all 8 execution slots occupied, retry later
rekt_tornado_render      ACCEPTED     34s  len=- status=- hash=- 
GenLayer RPC error (gen_call): Server busy: all 8 execution slots occupied, retry later
rekt_multichain_render   ACCEPTED     29s  len=- status=- hash=- 
GenLayer RPC error (gen_call): Server busy: all 8 execution slots occupied, retry later
pm_euler_render          ACCEPTED     38s  len=- status=- hash=- 
GenLayer RPC error (eth_sendRawTransaction): NonceTooLow(expected=16,actual=15)
GenLayer RPC error (gen_call): Unexpected token '<', "<!DOCTYPE "... is not valid JSON
  … get attempt 2 hit transient RPC noise, waiting 8s
archive_euler_render     UNSETTLED    35s  len=- status=- hash=- 
GenLayer RPC error (eth_sendRawTransaction): NonceTooLow(expected=17,actual=16)
GenLayer RPC error (gen_call): Server busy: all 8 execution slots occupied, retry later
home_euler_render        ACCEPTED     41s  len=- status=- hash=- 
pm_balancer_forum        UNSETTLED    29s  len=- status=- hash=- 
GenLayer RPC error (gen_call): Server busy: all 8 execution slots occupied, retry later
defillama_web_hacks      ACCEPTED     26s  len=- status=- hash=- 
tvl_euler                ACCEPTED     18s  len=9415215 status=200 hash=- 
rekt_curve_dns_render    ACCEPTED     27s  len=4527 status=true hash=891aef3b644138a2 
pm_kyber_render          ACCEPTED     46s  len=25880 status=true hash=13d87afa3f4a0a12 
medium_balancer          ACCEPTED     11s  len=0 status=false hash=cbf29ce484222325 err=WEBPAGE_LOAD_FAILED
lanes: 0x457bE4729841EEE64E186e91c3471C170C931e47,0x2fC4A549C682F29E4FFb08D80125E11EF182bD1e,0x4f64442A81a8EeF83F74C2FA0e20e34DFd89CA4A,0x20F728ce0803D6B32ca1F3915f8Fb977A90a7D7C,0x3A9B25c58F4f60041937520cBbFea888e494E843
